---
source: tests/ss13_savefile.rs
assertion_line: 27
expression: "dm_savefile::extract_savefile(&include_bytes!(\"./savefiles/lemonboye.sav\")[..]).unwrap()"
---
directories:
  "":
    UI_style:
      type: String
      content: Midnight
    ambientocclusion:
      type: Number
      content: 1.0
    asaycolor:
      type: String
      content: "#ff3300"
    auto_fit_viewport:
      type: Number
      content: 1.0
    be_special:
      type: FlatList
      content:
        - type: String
          content: Traitor
        - type: String
          content: Blood Brother
        - type: String
          content: Changeling
        - type: String
          content: Clown Operative
        - type: String
          content: Cultist
        - type: String
          content: Head Revolutionary
        - type: String
          content: Heretic
        - type: String
          content: Malf AI
        - type: String
          content: Operative
        - type: String
          content: Thief
        - type: String
          content: Wizard
        - type: String
          content: Syndicate Sleeper Agent
        - type: String
          content: Abductor
        - type: String
          content: Blob
        - type: String
          content: Blob Infection
        - type: String
          content: Fugitive
        - type: String
          content: Lone Operative
        - type: String
          content: Nightmare
        - type: String
          content: Operative (Midround)
        - type: String
          content: Obsessed
        - type: String
          content: Opportunist
        - type: String
          content: Revenant
        - type: String
          content: Sentient Disease
        - type: String
          content: Space Dragon
        - type: String
          content: Space Ninja
        - type: String
          content: Malf AI (Midround)
        - type: String
          content: Wizard (Midround)
        - type: String
          content: Xenomorph
        - type: String
          content: Syndicate Infiltrator
        - type: String
          content: Heretic Smuggler
        - type: String
          content: Provocateur
    brief_outfit:
      type: String
      content: /datum/outfit/centcom/commander
    broadcast_login_logout:
      type: Number
      content: 1.0
    buttons_locked:
      type: Number
      content: 0.0
    bypass_deadmin_in_centcom:
      type: Number
      content: 1.0
    chat_on_map:
      type: Number
      content: 1.0
    chat_toggles:
      type: Number
      content: 8159.0
    clientfps:
      type: Number
      content: -1.0
    darkened_flash:
      type: Number
      content: 0.0
    default_slot:
      type: Number
      content: 3.0
    enable_tips:
      type: Number
      content: 1.0
    fast_mc_refresh:
      type: Number
      content: 0.0
    favorite_outfits:
      type: FlatList
      content: []
    fov_darkness:
      type: Number
      content: 255.0
    ghost_accs:
      type: String
      content: Full accessories
    ghost_form:
      type: String
      content: ghost
    ghost_hud:
      type: Number
      content: 1.0
    ghost_lighting:
      type: String
      content: Darker
    ghost_orbit:
      type: String
      content: circle
    ghost_others:
      type: String
      content: Their sprites
    ghost_roles:
      type: Number
      content: 1.0
    ghost_roles_as_admin:
      type: Number
      content: 1.0
    hearted_until:
      type: "Null"
    hotkeys:
      type: Number
      content: 1.0
    ignoring:
      type: FlatList
      content: []
    inquisitive_ghost:
      type: Number
      content: 1.0
    itemoutline_pref:
      type: Number
      content: 1.0
    joblessrole:
      type: Number
      content: 1.0
    key_bindings:
      type: AssocList
      content:
        - type: WithKey
          content:
            key:
              type: String
              content: admin_say
            value:
              type: FlatList
              content:
                - type: String
                  content: F3
        - type: WithKey
          content:
            key:
              type: String
              content: admin_ghost
            value:
              type: FlatList
              content:
                - type: String
                  content: F5
        - type: WithKey
          content:
            key:
              type: String
              content: player_panel_new
            value:
              type: FlatList
              content:
                - type: String
                  content: F6
        - type: WithKey
          content:
            key:
              type: String
              content: toggle_buildmode_self
            value:
              type: FlatList
              content:
                - type: String
                  content: F7
        - type: WithKey
          content:
            key:
              type: String
              content: stealth_mode
            value:
              type: FlatList
              content:
                - type: String
                  content: CtrlF8
        - type: WithKey
          content:
            key:
              type: String
              content: invisimin
            value:
              type: FlatList
              content:
                - type: String
                  content: F8
        - type: WithKey
          content:
            key:
              type: String
              content: dsay
            value:
              type: FlatList
              content:
                - type: String
                  content: F10
        - type: WithKey
          content:
            key:
              type: String
              content: deadmin
            value:
              type: FlatList
              content: []
        - type: WithKey
          content:
            key:
              type: String
              content: readmin
            value:
              type: FlatList
              content: []
        - type: WithKey
          content:
            key:
              type: String
              content: view_tags
            value:
              type: FlatList
              content:
                - type: String
                  content: F9
        - type: WithKey
          content:
            key:
              type: String
              content: toggle_throw_mode
            value:
              type: FlatList
              content:
                - type: String
                  content: R
                - type: String
                  content: Southwest
        - type: WithKey
          content:
            key:
              type: String
              content: hold_throw_mode
            value:
              type: FlatList
              content:
                - type: String
                  content: Space
        - type: WithKey
          content:
            key:
              type: String
              content: Give_Item
            value:
              type: FlatList
              content:
                - type: String
                  content: G
        - type: WithKey
          content:
            key:
              type: String
              content: admin_help
            value:
              type: FlatList
              content:
                - type: String
                  content: F1
        - type: WithKey
          content:
            key:
              type: String
              content: screenshot
            value:
              type: FlatList
              content:
                - type: String
                  content: F2
        - type: WithKey
          content:
            key:
              type: String
              content: minimal_hud
            value:
              type: FlatList
              content:
                - type: String
                  content: F12
        - type: WithKey
          content:
            key:
              type: String
              content: Say
            value:
              type: FlatList
              content:
                - type: String
                  content: T
        - type: WithKey
          content:
            key:
              type: String
              content: OOC
            value:
              type: FlatList
              content:
                - type: String
                  content: O
        - type: WithKey
          content:
            key:
              type: String
              content: Me
            value:
              type: FlatList
              content:
                - type: String
                  content: M
        - type: WithKey
          content:
            key:
              type: String
              content: quick_equip
            value:
              type: FlatList
              content:
                - type: String
                  content: E
        - type: WithKey
          content:
            key:
              type: String
              content: quick_equip_bag
            value:
              type: FlatList
              content:
                - type: String
                  content: ShiftB
        - type: WithKey
          content:
            key:
              type: String
              content: quick_equip_suit_storage
            value:
              type: FlatList
              content:
                - type: String
                  content: ShiftQ
        - type: WithKey
          content:
            key:
              type: String
              content: quick_equip_belt
            value:
              type: FlatList
              content:
                - type: String
                  content: ShiftE
        - type: WithKey
          content:
            key:
              type: String
              content: resist
            value:
              type: FlatList
              content:
                - type: String
                  content: B
        - type: WithKey
          content:
            key:
              type: String
              content: look up
            value:
              type: FlatList
              content:
                - type: String
                  content: L
        - type: WithKey
          content:
            key:
              type: String
              content: look down
            value:
              type: FlatList
              content:
                - type: String
                  content: ;
        - type: WithKey
          content:
            key:
              type: String
              content: rest
            value:
              type: FlatList
              content:
                - type: String
                  content: U
        - type: WithKey
          content:
            key:
              type: String
              content: toggle_combat_mode
            value:
              type: FlatList
              content:
                - type: String
                  content: F
        - type: WithKey
          content:
            key:
              type: String
              content: enable_combat_mode
            value:
              type: FlatList
              content:
                - type: String
                  content: "4"
        - type: WithKey
          content:
            key:
              type: String
              content: disable_combat_mode
            value:
              type: FlatList
              content:
                - type: String
                  content: "1"
        - type: WithKey
          content:
            key:
              type: String
              content: stop_pulling
            value:
              type: FlatList
              content:
                - type: String
                  content: H
                - type: String
                  content: Delete
        - type: WithKey
          content:
            key:
              type: String
              content: swap_hands
            value:
              type: FlatList
              content:
                - type: String
                  content: X
        - type: WithKey
          content:
            key:
              type: String
              content: activate_inhand
            value:
              type: FlatList
              content:
                - type: String
                  content: Z
        - type: WithKey
          content:
            key:
              type: String
              content: drop_item
            value:
              type: FlatList
              content:
                - type: String
                  content: Q
        - type: WithKey
          content:
            key:
              type: String
              content: toggle_move_intent
            value:
              type: FlatList
              content:
                - type: String
                  content: C
        - type: WithKey
          content:
            key:
              type: String
              content: toggle_move_intent_alt
            value:
              type: FlatList
              content: []
        - type: WithKey
          content:
            key:
              type: String
              content: target_head_cycle
            value:
              type: FlatList
              content:
                - type: String
                  content: Numpad8
        - type: WithKey
          content:
            key:
              type: String
              content: target_eyes
            value:
              type: FlatList
              content:
                - type: String
                  content: Numpad7
        - type: WithKey
          content:
            key:
              type: String
              content: target_mouths
            value:
              type: FlatList
              content:
                - type: String
                  content: Numpad9
        - type: WithKey
          content:
            key:
              type: String
              content: target_r_arm
            value:
              type: FlatList
              content:
                - type: String
                  content: Numpad4
        - type: WithKey
          content:
            key:
              type: String
              content: target_body_chest
            value:
              type: FlatList
              content:
                - type: String
                  content: Numpad5
        - type: WithKey
          content:
            key:
              type: String
              content: target_left_arm
            value:
              type: FlatList
              content:
                - type: String
                  content: Numpad6
        - type: WithKey
          content:
            key:
              type: String
              content: target_right_leg
            value:
              type: FlatList
              content:
                - type: String
                  content: Numpad1
        - type: WithKey
          content:
            key:
              type: String
              content: target_body_groin
            value:
              type: FlatList
              content:
                - type: String
                  content: Numpad2
        - type: WithKey
          content:
            key:
              type: String
              content: target_left_leg
            value:
              type: FlatList
              content:
                - type: String
                  content: Numpad3
        - type: WithKey
          content:
            key:
              type: String
              content: block_movement
            value:
              type: FlatList
              content:
                - type: String
                  content: Alt
        - type: WithKey
          content:
            key:
              type: String
              content: North
            value:
              type: FlatList
              content:
                - type: String
                  content: W
                - type: String
                  content: North
        - type: WithKey
          content:
            key:
              type: String
              content: South
            value:
              type: FlatList
              content:
                - type: String
                  content: S
                - type: String
                  content: South
        - type: WithKey
          content:
            key:
              type: String
              content: West
            value:
              type: FlatList
              content:
                - type: String
                  content: A
                - type: String
                  content: West
        - type: WithKey
          content:
            key:
              type: String
              content: East
            value:
              type: FlatList
              content:
                - type: String
                  content: D
                - type: String
                  content: East
        - type: WithKey
          content:
            key:
              type: String
              content: Upwards
            value:
              type: FlatList
              content:
                - type: String
                  content: Northeast
        - type: WithKey
          content:
            key:
              type: String
              content: Downwards
            value:
              type: FlatList
              content:
                - type: String
                  content: Southeast
        - type: WithKey
          content:
            key:
              type: String
              content: module_one
            value:
              type: FlatList
              content:
                - type: String
                  content: "1"
        - type: WithKey
          content:
            key:
              type: String
              content: module_two
            value:
              type: FlatList
              content:
                - type: String
                  content: "2"
        - type: WithKey
          content:
            key:
              type: String
              content: module_three
            value:
              type: FlatList
              content:
                - type: String
                  content: "3"
        - type: WithKey
          content:
            key:
              type: String
              content: unequip_module
            value:
              type: FlatList
              content:
                - type: String
                  content: Q
        - type: WithKey
          content:
            key:
              type: String
              content: help
            value:
              type: FlatList
              content: []
        - type: WithKey
          content:
            key:
              type: String
              content: flip
            value:
              type: FlatList
              content: []
        - type: WithKey
          content:
            key:
              type: String
              content: spin
            value:
              type: FlatList
              content: []
        - type: WithKey
          content:
            key:
              type: String
              content: blush
            value:
              type: FlatList
              content: []
        - type: WithKey
          content:
            key:
              type: String
              content: bow
            value:
              type: FlatList
              content: []
        - type: WithKey
          content:
            key:
              type: String
              content: burp
            value:
              type: FlatList
              content: []
        - type: WithKey
          content:
            key:
              type: String
              content: choke
            value:
              type: FlatList
              content: []
        - type: WithKey
          content:
            key:
              type: String
              content: cross
            value:
              type: FlatList
              content: []
        - type: WithKey
          content:
            key:
              type: String
              content: chuckle
            value:
              type: FlatList
              content: []
        - type: WithKey
          content:
            key:
              type: String
              content: collapse
            value:
              type: FlatList
              content: []
        - type: WithKey
          content:
            key:
              type: String
              content: cough
            value:
              type: FlatList
              content: []
        - type: WithKey
          content:
            key:
              type: String
              content: dance
            value:
              type: FlatList
              content: []
        - type: WithKey
          content:
            key:
              type: String
              content: deathgasp
            value:
              type: FlatList
              content: []
        - type: WithKey
          content:
            key:
              type: String
              content: drool
            value:
              type: FlatList
              content: []
        - type: WithKey
          content:
            key:
              type: String
              content: faint
            value:
              type: FlatList
              content: []
        - type: WithKey
          content:
            key:
              type: String
              content: aflap
            value:
              type: FlatList
              content: []
        - type: WithKey
          content:
            key:
              type: String
              content: flap
            value:
              type: FlatList
              content: []
        - type: WithKey
          content:
            key:
              type: String
              content: frown
            value:
              type: FlatList
              content: []
        - type: WithKey
          content:
            key:
              type: String
              content: gag
            value:
              type: FlatList
              content: []
        - type: WithKey
          content:
            key:
              type: String
              content: gasp
            value:
              type: FlatList
              content: []
        - type: WithKey
          content:
            key:
              type: String
              content: giggle
            value:
              type: FlatList
              content: []
        - type: WithKey
          content:
            key:
              type: String
              content: glare
            value:
              type: FlatList
              content: []
        - type: WithKey
          content:
            key:
              type: String
              content: grin
            value:
              type: FlatList
              content: []
        - type: WithKey
          content:
            key:
              type: String
              content: groan
            value:
              type: FlatList
              content: []
        - type: WithKey
          content:
            key:
              type: String
              content: grimace
            value:
              type: FlatList
              content: []
        - type: WithKey
          content:
            key:
              type: String
              content: jump
            value:
              type: FlatList
              content: []
        - type: WithKey
          content:
            key:
              type: String
              content: kiss
            value:
              type: FlatList
              content: []
        - type: WithKey
          content:
            key:
              type: String
              content: laugh
            value:
              type: FlatList
              content: []
        - type: WithKey
          content:
            key:
              type: String
              content: look
            value:
              type: FlatList
              content: []
        - type: WithKey
          content:
            key:
              type: String
              content: nod
            value:
              type: FlatList
              content: []
        - type: WithKey
          content:
            key:
              type: String
              content: point
            value:
              type: FlatList
              content: []
        - type: WithKey
          content:
            key:
              type: String
              content: pout
            value:
              type: FlatList
              content: []
        - type: WithKey
          content:
            key:
              type: String
              content: scream
            value:
              type: FlatList
              content: []
        - type: WithKey
          content:
            key:
              type: String
              content: scowl
            value:
              type: FlatList
              content: []
        - type: WithKey
          content:
            key:
              type: String
              content: shake
            value:
              type: FlatList
              content: []
        - type: WithKey
          content:
            key:
              type: String
              content: shiver
            value:
              type: FlatList
              content: []
        - type: WithKey
          content:
            key:
              type: String
              content: sigh
            value:
              type: FlatList
              content: []
        - type: WithKey
          content:
            key:
              type: String
              content: sit
            value:
              type: FlatList
              content: []
        - type: WithKey
          content:
            key:
              type: String
              content: smile
            value:
              type: FlatList
              content: []
        - type: WithKey
          content:
            key:
              type: String
              content: sneeze
            value:
              type: FlatList
              content: []
        - type: WithKey
          content:
            key:
              type: String
              content: smug
            value:
              type: FlatList
              content: []
        - type: WithKey
          content:
            key:
              type: String
              content: sniff
            value:
              type: FlatList
              content: []
        - type: WithKey
          content:
            key:
              type: String
              content: snore
            value:
              type: FlatList
              content: []
        - type: WithKey
          content:
            key:
              type: String
              content: stare
            value:
              type: FlatList
              content: []
        - type: WithKey
          content:
            key:
              type: String
              content: stretch
            value:
              type: FlatList
              content: []
        - type: WithKey
          content:
            key:
              type: String
              content: sulk
            value:
              type: FlatList
              content: []
        - type: WithKey
          content:
            key:
              type: String
              content: surrender
            value:
              type: FlatList
              content: []
        - type: WithKey
          content:
            key:
              type: String
              content: sway
            value:
              type: FlatList
              content: []
        - type: WithKey
          content:
            key:
              type: String
              content: tilt
            value:
              type: FlatList
              content: []
        - type: WithKey
          content:
            key:
              type: String
              content: tremble
            value:
              type: FlatList
              content: []
        - type: WithKey
          content:
            key:
              type: String
              content: twitch
            value:
              type: FlatList
              content: []
        - type: WithKey
          content:
            key:
              type: String
              content: twitch_s
            value:
              type: FlatList
              content: []
        - type: WithKey
          content:
            key:
              type: String
              content: wave
            value:
              type: FlatList
              content: []
        - type: WithKey
          content:
            key:
              type: String
              content: whimper
            value:
              type: FlatList
              content: []
        - type: WithKey
          content:
            key:
              type: String
              content: wsmile
            value:
              type: FlatList
              content: []
        - type: WithKey
          content:
            key:
              type: String
              content: yawn
            value:
              type: FlatList
              content: []
        - type: WithKey
          content:
            key:
              type: String
              content: gurgle
            value:
              type: FlatList
              content: []
        - type: WithKey
          content:
            key:
              type: String
              content: me
            value:
              type: FlatList
              content: []
        - type: WithKey
          content:
            key:
              type: String
              content: beep
            value:
              type: FlatList
              content: []
        - type: WithKey
          content:
            key:
              type: String
              content: inhale
            value:
              type: FlatList
              content: []
        - type: WithKey
          content:
            key:
              type: String
              content: exhale
            value:
              type: FlatList
              content: []
        - type: WithKey
          content:
            key:
              type: String
              content: swear
            value:
              type: FlatList
              content: []
        - type: WithKey
          content:
            key:
              type: String
              content: airguitar
            value:
              type: FlatList
              content: []
        - type: WithKey
          content:
            key:
              type: String
              content: blink
            value:
              type: FlatList
              content: []
        - type: WithKey
          content:
            key:
              type: String
              content: blink_r
            value:
              type: FlatList
              content: []
        - type: WithKey
          content:
            key:
              type: String
              content: clap
            value:
              type: FlatList
              content: []
        - type: WithKey
          content:
            key:
              type: String
              content: crack
            value:
              type: FlatList
              content: []
        - type: WithKey
          content:
            key:
              type: String
              content: circle
            value:
              type: FlatList
              content: []
        - type: WithKey
          content:
            key:
              type: String
              content: moan
            value:
              type: FlatList
              content: []
        - type: WithKey
          content:
            key:
              type: String
              content: noogie
            value:
              type: FlatList
              content: []
        - type: WithKey
          content:
            key:
              type: String
              content: roll
            value:
              type: FlatList
              content: []
        - type: WithKey
          content:
            key:
              type: String
              content: scratch
            value:
              type: FlatList
              content: []
        - type: WithKey
          content:
            key:
              type: String
              content: signal
            value:
              type: FlatList
              content: []
        - type: WithKey
          content:
            key:
              type: String
              content: sign
            value:
              type: FlatList
              content: []
        - type: WithKey
          content:
            key:
              type: String
              content: slap
            value:
              type: FlatList
              content: []
        - type: WithKey
          content:
            key:
              type: String
              content: tail
            value:
              type: FlatList
              content: []
        - type: WithKey
          content:
            key:
              type: String
              content: wink
            value:
              type: FlatList
              content: []
        - type: WithKey
          content:
            key:
              type: String
              content: cry
            value:
              type: FlatList
              content: []
        - type: WithKey
          content:
            key:
              type: String
              content: dap
            value:
              type: FlatList
              content: []
        - type: WithKey
          content:
            key:
              type: String
              content: eyebrow
            value:
              type: FlatList
              content: []
        - type: WithKey
          content:
            key:
              type: String
              content: grumble
            value:
              type: FlatList
              content: []
        - type: WithKey
          content:
            key:
              type: String
              content: handshake
            value:
              type: FlatList
              content: []
        - type: WithKey
          content:
            key:
              type: String
              content: hug
            value:
              type: FlatList
              content: []
        - type: WithKey
          content:
            key:
              type: String
              content: mumble
            value:
              type: FlatList
              content: []
        - type: WithKey
          content:
            key:
              type: String
              content: screech
            value:
              type: FlatList
              content: []
        - type: WithKey
          content:
            key:
              type: String
              content: pale
            value:
              type: FlatList
              content: []
        - type: WithKey
          content:
            key:
              type: String
              content: raise
            value:
              type: FlatList
              content: []
        - type: WithKey
          content:
            key:
              type: String
              content: salute
            value:
              type: FlatList
              content: []
        - type: WithKey
          content:
            key:
              type: String
              content: shrug
            value:
              type: FlatList
              content: []
        - type: WithKey
          content:
            key:
              type: String
              content: wag
            value:
              type: FlatList
              content: []
        - type: WithKey
          content:
            key:
              type: String
              content: wing
            value:
              type: FlatList
              content: []
        - type: WithKey
          content:
            key:
              type: String
              content: gnarl
            value:
              type: FlatList
              content: []
        - type: WithKey
          content:
            key:
              type: String
              content: roar
            value:
              type: FlatList
              content: []
        - type: WithKey
          content:
            key:
              type: String
              content: hiss
            value:
              type: FlatList
              content: []
        - type: WithKey
          content:
            key:
              type: String
              content: alarm
            value:
              type: FlatList
              content: []
        - type: WithKey
          content:
            key:
              type: String
              content: alert
            value:
              type: FlatList
              content: []
        - type: WithKey
          content:
            key:
              type: String
              content: flash
            value:
              type: FlatList
              content: []
        - type: WithKey
          content:
            key:
              type: String
              content: notice
            value:
              type: FlatList
              content: []
        - type: WithKey
          content:
            key:
              type: String
              content: whistle
            value:
              type: FlatList
              content: []
        - type: WithKey
          content:
            key:
              type: String
              content: veryhappy
            value:
              type: FlatList
              content: []
        - type: WithKey
          content:
            key:
              type: String
              content: happy
            value:
              type: FlatList
              content: []
        - type: WithKey
          content:
            key:
              type: String
              content: neutral
            value:
              type: FlatList
              content: []
        - type: WithKey
          content:
            key:
              type: String
              content: unsure
            value:
              type: FlatList
              content: []
        - type: WithKey
          content:
            key:
              type: String
              content: confused
            value:
              type: FlatList
              content: []
        - type: WithKey
          content:
            key:
              type: String
              content: sad
            value:
              type: FlatList
              content: []
        - type: WithKey
          content:
            key:
              type: String
              content: bsod
            value:
              type: FlatList
              content: []
        - type: WithKey
          content:
            key:
              type: String
              content: trollface
            value:
              type: FlatList
              content: []
        - type: WithKey
          content:
            key:
              type: String
              content: awesome
            value:
              type: FlatList
              content: []
        - type: WithKey
          content:
            key:
              type: String
              content: dorfy
            value:
              type: FlatList
              content: []
        - type: WithKey
          content:
            key:
              type: String
              content: thinking
            value:
              type: FlatList
              content: []
        - type: WithKey
          content:
            key:
              type: String
              content: facepalm
            value:
              type: FlatList
              content: []
        - type: WithKey
          content:
            key:
              type: String
              content: friendcomputer
            value:
              type: FlatList
              content: []
        - type: WithKey
          content:
            key:
              type: String
              content: blueglow
            value:
              type: FlatList
              content: []
        - type: WithKey
          content:
            key:
              type: String
              content: redglow
            value:
              type: FlatList
              content: []
        - type: WithKey
          content:
            key:
              type: String
              content: blank
            value:
              type: FlatList
              content: []
        - type: WithKey
          content:
            key:
              type: String
              content: boop
            value:
              type: FlatList
              content: []
        - type: WithKey
          content:
            key:
              type: String
              content: buzz
            value:
              type: FlatList
              content: []
        - type: WithKey
          content:
            key:
              type: String
              content: buzz2
            value:
              type: FlatList
              content: []
        - type: WithKey
          content:
            key:
              type: String
              content: chime
            value:
              type: FlatList
              content: []
        - type: WithKey
          content:
            key:
              type: String
              content: honk
            value:
              type: FlatList
              content: []
        - type: WithKey
          content:
            key:
              type: String
              content: ping
            value:
              type: FlatList
              content: []
        - type: WithKey
          content:
            key:
              type: String
              content: warn
            value:
              type: FlatList
              content: []
        - type: WithKey
          content:
            key:
              type: String
              content: slowclap
            value:
              type: FlatList
              content: []
        - type: WithKey
          content:
            key:
              type: String
              content: ooga
            value:
              type: FlatList
              content: []
        - type: WithKey
          content:
            key:
              type: String
              content: bounce
            value:
              type: FlatList
              content: []
        - type: WithKey
          content:
            key:
              type: String
              content: jiggle
            value:
              type: FlatList
              content: []
        - type: WithKey
          content:
            key:
              type: String
              content: light
            value:
              type: FlatList
              content: []
        - type: WithKey
          content:
            key:
              type: String
              content: vibrate
            value:
              type: FlatList
              content: []
        - type: WithKey
          content:
            key:
              type: String
              content: moodsneaky
            value:
              type: FlatList
              content: []
        - type: WithKey
          content:
            key:
              type: String
              content: moodsmile
            value:
              type: FlatList
              content: []
        - type: WithKey
          content:
            key:
              type: String
              content: moodcat
            value:
              type: FlatList
              content: []
        - type: WithKey
          content:
            key:
              type: String
              content: moodpout
            value:
              type: FlatList
              content: []
        - type: WithKey
          content:
            key:
              type: String
              content: moodsad
            value:
              type: FlatList
              content: []
        - type: WithKey
          content:
            key:
              type: String
              content: moodangry
            value:
              type: FlatList
              content: []
        - type: WithKey
          content:
            key:
              type: String
              content: moodnone
            value:
              type: FlatList
              content: []
        - type: WithKey
          content:
            key:
              type: String
              content: Radio
            value:
              type: FlatList
              content:
                - type: String
                  content: Y
    lastchangelog:
      type: String
      content: 0ff211e1515f218ab6535be1ef0f9f9e
    max_chat_length:
      type: Number
      content: 110.0
    mod_select:
      type: String
      content: middle
    ooccolor:
      type: String
      content: "#c43b23"
    parallax:
      type: String
      content: High
    pda_color:
      type: String
      content: "#808000"
    pda_style:
      type: String
      content: Share Tech Mono
    pixel_size:
      type: Number
      content: 0.0
    preferred_map:
      type: String
      content: ""
    scaling_method:
      type: String
      content: distort
    screentip_color:
      type: String
      content: "#ffd391"
    screentip_pref:
      type: Number
      content: 1.0
    see_chat_non_mob:
      type: Number
      content: 1.0
    see_rc_emotes:
      type: Number
      content: 1.0
    tgui_fancy:
      type: Number
      content: 1.0
    tgui_input:
      type: Number
      content: 1.0
    tgui_input_large:
      type: Number
      content: 0.0
    tgui_input_swapped:
      type: Number
      content: 1.0
    tgui_lock:
      type: Number
      content: 0.0
    tgui_say_light_mode:
      type: Number
      content: 0.0
    tip_delay:
      type: Number
      content: 500.0
    toggles:
      type: Number
      content: 5245855.0
    typingIndicator:
      type: Number
      content: 1.0
    version:
      type: Number
      content: 42.0
    widescreenpref:
      type: Number
      content: 1.0
    windowflashing:
      type: Number
      content: 1.0
  character1:
    age:
      type: Number
      content: 44.0
    ai_name:
      type: String
      content: Astor
    all_quirks:
      type: FlatList
      content: []
    backpack:
      type: String
      content: Grey Satchel
    bible_name:
      type: String
      content: Default Bible Name
    body_type:
      type: String
      content: Use gender
    clown_name:
      type: String
      content: Misery Marvin
    cyborg_name:
      type: String
      content: Default Cyborg Name
    deity_name:
      type: String
      content: Space Jesus
    eye_color:
      type: String
      content: "#bbbbbb"
    facial_hair_color:
      type: String
      content: "#ea2488"
    facial_hair_gradient:
      type: String
      content: None
    facial_hair_gradient_color:
      type: String
      content: "#712159"
    facial_style_name:
      type: String
      content: Beard (Long)
    feature_ethcolor:
      type: String
      content: Purple
    feature_human_ears:
      type: String
      content: Cat
    feature_human_tail:
      type: String
      content: Cat
    feature_lizard_body_markings:
      type: String
      content: Light Tiger Body
    feature_lizard_frills:
      type: String
      content: Short
    feature_lizard_horns:
      type: String
      content: Curled
    feature_lizard_legs:
      type: String
      content: Normal Legs
    feature_lizard_snout:
      type: String
      content: Round
    feature_lizard_spines:
      type: String
      content: None
    feature_lizard_tail:
      type: String
      content: Smooth
    feature_mcolor:
      type: String
      content: "#7f7fff"
    feature_moth_antennae:
      type: String
      content: Oak Worm
    feature_moth_markings:
      type: String
      content: White Fly
    feature_moth_wings:
      type: String
      content: Oak Worm
    feature_pod_hair:
      type: String
      content: Hibiscus
    feature_vampire_status:
      type: String
      content: Inoculated
    gender:
      type: String
      content: plural
    glasses:
      type: String
      content: Circle
    hair_color:
      type: String
      content: "#ef5bc0"
    hair_gradient:
      type: String
      content: None
    hair_gradient_color:
      type: String
      content: "#0004af"
    hairstyle_name:
      type: String
      content: Short Hair 6
    heterochromatic:
      type: String
      content: "#16e572"
    human_name:
      type: String
      content: Jadon Snyder
    job_preferences:
      type: AssocList
      content:
        - type: WithKey
          content:
            key:
              type: String
              content: Chaplain
            value:
              type: Number
              content: 2.0
        - type: WithKey
          content:
            key:
              type: String
              content: Cook
            value:
              type: Number
              content: 2.0
        - type: WithKey
          content:
            key:
              type: String
              content: Psychologist
            value:
              type: Number
              content: 2.0
        - type: WithKey
          content:
            key:
              type: String
              content: Janitor
            value:
              type: Number
              content: 2.0
        - type: WithKey
          content:
            key:
              type: String
              content: Cargo Technician
            value:
              type: Number
              content: 2.0
    jumpsuit_style:
      type: String
      content: Jumpsuit
    mime_name:
      type: String
      content: Unspeakable
    persistent_scars:
      type: Number
      content: 1.0
    phobia:
      type: String
      content: space
    playtime_reward_cloak:
      type: Number
      content: 1.0
    prefered_security_department:
      type: String
      content: None
    preferred_ai_core_display:
      type: String
      content: Rainbow
    random_body:
      type: Number
      content: 3.0
    random_hardcore:
      type: Number
      content: 0.0
    random_name:
      type: Number
      content: 3.0
    randomise:
      type: AssocList
      content:
        - type: WithKey
          content:
            key:
              type: String
              content: preferred_ai_core_display
            value:
              type: Number
              content: 3.0
        - type: WithKey
          content:
            key:
              type: String
              content: body_type
            value:
              type: Number
              content: 3.0
        - type: WithKey
          content:
            key:
              type: String
              content: backpack
            value:
              type: Number
              content: 3.0
        - type: WithKey
          content:
            key:
              type: String
              content: jumpsuit_style
            value:
              type: Number
              content: 3.0
        - type: WithKey
          content:
            key:
              type: String
              content: socks
            value:
              type: Number
              content: 3.0
        - type: WithKey
          content:
            key:
              type: String
              content: undershirt
            value:
              type: Number
              content: 3.0
        - type: WithKey
          content:
            key:
              type: String
              content: underwear
            value:
              type: Number
              content: 3.0
        - type: WithKey
          content:
            key:
              type: String
              content: gender
            value:
              type: Number
              content: 3.0
        - type: WithKey
          content:
            key:
              type: String
              content: glasses
            value:
              type: Number
              content: 3.0
        - type: WithKey
          content:
            key:
              type: String
              content: phobia
            value:
              type: Number
              content: 3.0
        - type: WithKey
          content:
            key:
              type: String
              content: skin_tone
            value:
              type: Number
              content: 3.0
        - type: WithKey
          content:
            key:
              type: String
              content: facial_style_name
            value:
              type: Number
              content: 3.0
        - type: WithKey
          content:
            key:
              type: String
              content: facial_hair_gradient
            value:
              type: Number
              content: 3.0
        - type: WithKey
          content:
            key:
              type: String
              content: hairstyle_name
            value:
              type: Number
              content: 3.0
        - type: WithKey
          content:
            key:
              type: String
              content: hair_gradient
            value:
              type: Number
              content: 3.0
        - type: WithKey
          content:
            key:
              type: String
              content: feature_ethcolor
            value:
              type: Number
              content: 3.0
        - type: WithKey
          content:
            key:
              type: String
              content: feature_lizard_body_markings
            value:
              type: Number
              content: 3.0
        - type: WithKey
          content:
            key:
              type: String
              content: feature_lizard_frills
            value:
              type: Number
              content: 3.0
        - type: WithKey
          content:
            key:
              type: String
              content: feature_lizard_horns
            value:
              type: Number
              content: 3.0
        - type: WithKey
          content:
            key:
              type: String
              content: feature_lizard_legs
            value:
              type: Number
              content: 3.0
        - type: WithKey
          content:
            key:
              type: String
              content: feature_lizard_snout
            value:
              type: Number
              content: 3.0
        - type: WithKey
          content:
            key:
              type: String
              content: feature_lizard_spines
            value:
              type: Number
              content: 3.0
        - type: WithKey
          content:
            key:
              type: String
              content: feature_lizard_tail
            value:
              type: Number
              content: 3.0
        - type: WithKey
          content:
            key:
              type: String
              content: feature_moth_antennae
            value:
              type: Number
              content: 3.0
        - type: WithKey
          content:
            key:
              type: String
              content: feature_moth_markings
            value:
              type: Number
              content: 3.0
        - type: WithKey
          content:
            key:
              type: String
              content: feature_moth_wings
            value:
              type: Number
              content: 3.0
        - type: WithKey
          content:
            key:
              type: String
              content: feature_vampire_status
            value:
              type: Number
              content: 3.0
        - type: WithKey
          content:
            key:
              type: String
              content: underwear_color
            value:
              type: Number
              content: 3.0
        - type: WithKey
          content:
            key:
              type: String
              content: eye_color
            value:
              type: Number
              content: 3.0
        - type: WithKey
          content:
            key:
              type: String
              content: facial_hair_color
            value:
              type: Number
              content: 3.0
        - type: WithKey
          content:
            key:
              type: String
              content: facial_hair_gradient_color
            value:
              type: Number
              content: 3.0
        - type: WithKey
          content:
            key:
              type: String
              content: hair_color
            value:
              type: Number
              content: 3.0
        - type: WithKey
          content:
            key:
              type: String
              content: hair_gradient_color
            value:
              type: Number
              content: 3.0
        - type: WithKey
          content:
            key:
              type: String
              content: feature_mcolor
            value:
              type: Number
              content: 3.0
        - type: WithKey
          content:
            key:
              type: String
              content: age
            value:
              type: Number
              content: 3.0
        - type: WithKey
          content:
            key:
              type: String
              content: playtime_reward_cloak
            value:
              type: Number
              content: 3.0
        - type: WithKey
          content:
            key:
              type: String
              content: real_name
            value:
              type: Number
              content: 3.0
        - type: WithKey
          content:
            key:
              type: String
              content: human_name
            value:
              type: Number
              content: 3.0
        - type: WithKey
          content:
            key:
              type: String
              content: clown_name
            value:
              type: Number
              content: 3.0
        - type: WithKey
          content:
            key:
              type: String
              content: mime_name
            value:
              type: Number
              content: 3.0
        - type: WithKey
          content:
            key:
              type: String
              content: ai_name
            value:
              type: Number
              content: 3.0
        - type: WithKey
          content:
            key:
              type: String
              content: religion_name
            value:
              type: Number
              content: 3.0
    real_name:
      type: String
      content: Kevin Ullman
    religion_name:
      type: String
      content: Pastafarianism
    skin_tone:
      type: String
      content: latino
    socks:
      type: String
      content: Stockings (Yellow)
    species:
      type: String
      content: human
    undershirt:
      type: String
      content: T-Shirt (Blue)
    underwear:
      type: String
      content: "Men's Kinky"
    underwear_color:
      type: String
      content: "#cdd510"
    uplink_loc:
      type: String
      content: PDA
    version:
      type: Number
      content: 42.0
  character2:
    age:
      type: Number
      content: 62.0
    ai_name:
      type: String
      content: Fi
    all_quirks:
      type: FlatList
      content: []
    backpack:
      type: String
      content: Department Satchel
    body_type:
      type: String
      content: Use gender
    clown_name:
      type: String
      content: Deedum Dedah
    eye_color:
      type: String
      content: "#999999"
    facial_hair_color:
      type: String
      content: "#847343"
    facial_hair_gradient:
      type: String
      content: None
    facial_hair_gradient_color:
      type: String
      content: "#8f4844"
    facial_style_name:
      type: String
      content: Beard (Neckbeard)
    feature_ethcolor:
      type: String
      content: Dark Fuschia
    feature_lizard_body_markings:
      type: String
      content: Light Belly
    feature_lizard_frills:
      type: String
      content: None
    feature_lizard_horns:
      type: String
      content: Simple
    feature_lizard_legs:
      type: String
      content: Normal Legs
    feature_lizard_snout:
      type: String
      content: Sharp
    feature_lizard_spines:
      type: String
      content: Aquatic
    feature_lizard_tail:
      type: String
      content: Smooth
    feature_mcolor:
      type: String
      content: "#7f7f7f"
    feature_moth_antennae:
      type: String
      content: Reddish
    feature_moth_markings:
      type: String
      content: Burnt Off
    feature_moth_wings:
      type: String
      content: Ragged
    feature_pod_hair:
      type: String
      content: Ivy
    feature_vampire_status:
      type: String
      content: Inoculated
    gender:
      type: String
      content: plural
    glasses:
      type: String
      content: Thin
    hair_color:
      type: String
      content: "#3b7ba5"
    hair_gradient:
      type: String
      content: None
    hair_gradient_color:
      type: String
      content: "#34d0ae"
    hairstyle_name:
      type: String
      content: Long Hair 3
    heterochromatic:
      type: String
      content: "#a3a142"
    human_name:
      type: String
      content: Aden Blessig
    job_preferences:
      type: AssocList
      content:
        - type: WithKey
          content:
            key:
              type: String
              content: Chaplain
            value:
              type: Number
              content: 2.0
        - type: WithKey
          content:
            key:
              type: String
              content: Cook
            value:
              type: Number
              content: 2.0
        - type: WithKey
          content:
            key:
              type: String
              content: Psychologist
            value:
              type: Number
              content: 2.0
        - type: WithKey
          content:
            key:
              type: String
              content: Janitor
            value:
              type: Number
              content: 2.0
        - type: WithKey
          content:
            key:
              type: String
              content: Cargo Technician
            value:
              type: Number
              content: 2.0
    jumpsuit_style:
      type: String
      content: Jumpskirt
    mime_name:
      type: String
      content: Silent Night
    persistent_scars:
      type: Number
      content: 1.0
    phobia:
      type: String
      content: lizards
    playtime_reward_cloak:
      type: Number
      content: 1.0
    preferred_ai_core_display:
      type: String
      content: Triumvirate
    randomise:
      type: AssocList
      content:
        - type: WithKey
          content:
            key:
              type: String
              content: preferred_ai_core_display
            value:
              type: Number
              content: 3.0
        - type: WithKey
          content:
            key:
              type: String
              content: body_type
            value:
              type: Number
              content: 3.0
        - type: WithKey
          content:
            key:
              type: String
              content: backpack
            value:
              type: Number
              content: 3.0
        - type: WithKey
          content:
            key:
              type: String
              content: jumpsuit_style
            value:
              type: Number
              content: 3.0
        - type: WithKey
          content:
            key:
              type: String
              content: socks
            value:
              type: Number
              content: 3.0
        - type: WithKey
          content:
            key:
              type: String
              content: undershirt
            value:
              type: Number
              content: 3.0
        - type: WithKey
          content:
            key:
              type: String
              content: underwear
            value:
              type: Number
              content: 3.0
        - type: WithKey
          content:
            key:
              type: String
              content: gender
            value:
              type: Number
              content: 3.0
        - type: WithKey
          content:
            key:
              type: String
              content: glasses
            value:
              type: Number
              content: 3.0
        - type: WithKey
          content:
            key:
              type: String
              content: phobia
            value:
              type: Number
              content: 3.0
        - type: WithKey
          content:
            key:
              type: String
              content: skin_tone
            value:
              type: Number
              content: 3.0
        - type: WithKey
          content:
            key:
              type: String
              content: facial_style_name
            value:
              type: Number
              content: 3.0
        - type: WithKey
          content:
            key:
              type: String
              content: facial_hair_gradient
            value:
              type: Number
              content: 3.0
        - type: WithKey
          content:
            key:
              type: String
              content: hairstyle_name
            value:
              type: Number
              content: 3.0
        - type: WithKey
          content:
            key:
              type: String
              content: hair_gradient
            value:
              type: Number
              content: 3.0
        - type: WithKey
          content:
            key:
              type: String
              content: feature_ethcolor
            value:
              type: Number
              content: 3.0
        - type: WithKey
          content:
            key:
              type: String
              content: feature_lizard_body_markings
            value:
              type: Number
              content: 3.0
        - type: WithKey
          content:
            key:
              type: String
              content: feature_lizard_frills
            value:
              type: Number
              content: 3.0
        - type: WithKey
          content:
            key:
              type: String
              content: feature_lizard_horns
            value:
              type: Number
              content: 3.0
        - type: WithKey
          content:
            key:
              type: String
              content: feature_lizard_legs
            value:
              type: Number
              content: 3.0
        - type: WithKey
          content:
            key:
              type: String
              content: feature_lizard_snout
            value:
              type: Number
              content: 3.0
        - type: WithKey
          content:
            key:
              type: String
              content: feature_lizard_spines
            value:
              type: Number
              content: 3.0
        - type: WithKey
          content:
            key:
              type: String
              content: feature_lizard_tail
            value:
              type: Number
              content: 3.0
        - type: WithKey
          content:
            key:
              type: String
              content: feature_moth_antennae
            value:
              type: Number
              content: 3.0
        - type: WithKey
          content:
            key:
              type: String
              content: feature_moth_markings
            value:
              type: Number
              content: 3.0
        - type: WithKey
          content:
            key:
              type: String
              content: feature_moth_wings
            value:
              type: Number
              content: 3.0
        - type: WithKey
          content:
            key:
              type: String
              content: feature_vampire_status
            value:
              type: Number
              content: 3.0
        - type: WithKey
          content:
            key:
              type: String
              content: underwear_color
            value:
              type: Number
              content: 3.0
        - type: WithKey
          content:
            key:
              type: String
              content: eye_color
            value:
              type: Number
              content: 3.0
        - type: WithKey
          content:
            key:
              type: String
              content: facial_hair_color
            value:
              type: Number
              content: 3.0
        - type: WithKey
          content:
            key:
              type: String
              content: facial_hair_gradient_color
            value:
              type: Number
              content: 3.0
        - type: WithKey
          content:
            key:
              type: String
              content: hair_color
            value:
              type: Number
              content: 3.0
        - type: WithKey
          content:
            key:
              type: String
              content: hair_gradient_color
            value:
              type: Number
              content: 3.0
        - type: WithKey
          content:
            key:
              type: String
              content: feature_mcolor
            value:
              type: Number
              content: 3.0
        - type: WithKey
          content:
            key:
              type: String
              content: age
            value:
              type: Number
              content: 3.0
        - type: WithKey
          content:
            key:
              type: String
              content: playtime_reward_cloak
            value:
              type: Number
              content: 3.0
        - type: WithKey
          content:
            key:
              type: String
              content: real_name
            value:
              type: Number
              content: 3.0
        - type: WithKey
          content:
            key:
              type: String
              content: human_name
            value:
              type: Number
              content: 3.0
        - type: WithKey
          content:
            key:
              type: String
              content: clown_name
            value:
              type: Number
              content: 3.0
        - type: WithKey
          content:
            key:
              type: String
              content: mime_name
            value:
              type: Number
              content: 3.0
        - type: WithKey
          content:
            key:
              type: String
              content: ai_name
            value:
              type: Number
              content: 3.0
        - type: WithKey
          content:
            key:
              type: String
              content: religion_name
            value:
              type: Number
              content: 3.0
    real_name:
      type: String
      content: Maynard Christman
    religion_name:
      type: String
      content: Honkism
    skin_tone:
      type: String
      content: asian2
    socks:
      type: String
      content: Short (Black)
    species:
      type: String
      content: human
    undershirt:
      type: String
      content: Shirt (SS13)
    underwear:
      type: String
      content: "Ladies' UK"
    underwear_color:
      type: String
      content: "#f72a2c"
    version:
      type: Number
      content: 42.0
  character3:
    age:
      type: Number
      content: 26.0
    ai_name:
      type: String
      content: Mechagodzilla
    all_quirks:
      type: FlatList
      content:
        - type: String
          content: Extrovert
        - type: String
          content: Prosthetic Limb
        - type: String
          content: Tagger
    backpack:
      type: String
      content: Leather Satchel
    bible_name:
      type: String
      content: Default Bible Name
    body_type:
      type: String
      content: Use gender
    clown_name:
      type: String
      content: Rude Robert
    cyborg_name:
      type: String
      content: Default Cyborg Name
    deity_name:
      type: String
      content: Space Jesus
    eye_color:
      type: String
      content: "#666699"
    facial_hair_color:
      type: String
      content: "#1a6e30"
    facial_hair_gradient:
      type: String
      content: None
    facial_hair_gradient_color:
      type: String
      content: "#9af959"
    facial_style_name:
      type: String
      content: Shaved
    feature_ethcolor:
      type: String
      content: Faint Red
    feature_human_ears:
      type: String
      content: Cat
    feature_human_tail:
      type: String
      content: Cat
    feature_lizard_body_markings:
      type: String
      content: None
    feature_lizard_frills:
      type: String
      content: None
    feature_lizard_horns:
      type: String
      content: None
    feature_lizard_legs:
      type: String
      content: Digitigrade Legs
    feature_lizard_snout:
      type: String
      content: Sharp
    feature_lizard_spines:
      type: String
      content: Short
    feature_lizard_tail:
      type: String
      content: Smooth
    feature_mcolor:
      type: String
      content: "#ff7fff"
    feature_moth_antennae:
      type: String
      content: Lovers
    feature_moth_markings:
      type: String
      content: Ragged
    feature_moth_wings:
      type: String
      content: Jungle
    feature_pod_hair:
      type: String
      content: Prayer
    feature_vampire_status:
      type: String
      content: Inoculated
    gender:
      type: String
      content: female
    glasses:
      type: String
      content: Hipster
    hair_color:
      type: String
      content: "#e0aa76"
    hair_gradient:
      type: String
      content: None
    hair_gradient_color:
      type: String
      content: "#3b98cb"
    hairstyle_name:
      type: String
      content: Ponytail (Spiky)
    heterochromatic:
      type: String
      content: "#6239db"
    human_name:
      type: String
      content: Lexi Bousum
    job_preferences:
      type: AssocList
      content:
        - type: WithKey
          content:
            key:
              type: String
              content: Chaplain
            value:
              type: Number
              content: 2.0
        - type: WithKey
          content:
            key:
              type: String
              content: Cook
            value:
              type: Number
              content: 2.0
        - type: WithKey
          content:
            key:
              type: String
              content: Psychologist
            value:
              type: Number
              content: 2.0
        - type: WithKey
          content:
            key:
              type: String
              content: Janitor
            value:
              type: Number
              content: 2.0
        - type: WithKey
          content:
            key:
              type: String
              content: Cargo Technician
            value:
              type: Number
              content: 2.0
        - type: WithKey
          content:
            key:
              type: String
              content: Scientist
            value:
              type: Number
              content: 2.0
        - type: WithKey
          content:
            key:
              type: String
              content: Geneticist
            value:
              type: Number
              content: 2.0
    jumpsuit_style:
      type: String
      content: Jumpskirt
    mime_name:
      type: String
      content: Unspeakable
    persistent_scars:
      type: Number
      content: 1.0
    phobia:
      type: String
      content: anime
    playtime_reward_cloak:
      type: Number
      content: 1.0
    prefered_security_department:
      type: String
      content: Science
    preferred_ai_core_display:
      type: String
      content: Gondola
    random_body:
      type: Number
      content: 2.0
    random_hardcore:
      type: Number
      content: 0.0
    random_name:
      type: Number
      content: 2.0
    randomise:
      type: AssocList
      content:
        - type: WithKey
          content:
            key:
              type: String
              content: preferred_ai_core_display
            value:
              type: Number
              content: 3.0
        - type: WithKey
          content:
            key:
              type: String
              content: backpack
            value:
              type: Number
              content: 3.0
        - type: WithKey
          content:
            key:
              type: String
              content: jumpsuit_style
            value:
              type: Number
              content: 3.0
        - type: WithKey
          content:
            key:
              type: String
              content: socks
            value:
              type: Number
              content: 3.0
        - type: WithKey
          content:
            key:
              type: String
              content: undershirt
            value:
              type: Number
              content: 3.0
        - type: WithKey
          content:
            key:
              type: String
              content: underwear
            value:
              type: Number
              content: 3.0
        - type: WithKey
          content:
            key:
              type: String
              content: gender
            value:
              type: Number
              content: 3.0
        - type: WithKey
          content:
            key:
              type: String
              content: glasses
            value:
              type: Number
              content: 3.0
        - type: WithKey
          content:
            key:
              type: String
              content: phobia
            value:
              type: Number
              content: 3.0
        - type: WithKey
          content:
            key:
              type: String
              content: facial_style_name
            value:
              type: Number
              content: 3.0
        - type: WithKey
          content:
            key:
              type: String
              content: hairstyle_name
            value:
              type: Number
              content: 3.0
        - type: WithKey
          content:
            key:
              type: String
              content: feature_ethcolor
            value:
              type: Number
              content: 3.0
        - type: WithKey
          content:
            key:
              type: String
              content: feature_lizard_body_markings
            value:
              type: Number
              content: 3.0
        - type: WithKey
          content:
            key:
              type: String
              content: feature_lizard_frills
            value:
              type: Number
              content: 3.0
        - type: WithKey
          content:
            key:
              type: String
              content: feature_lizard_horns
            value:
              type: Number
              content: 3.0
        - type: WithKey
          content:
            key:
              type: String
              content: feature_lizard_legs
            value:
              type: Number
              content: 3.0
        - type: WithKey
          content:
            key:
              type: String
              content: feature_lizard_snout
            value:
              type: Number
              content: 3.0
        - type: WithKey
          content:
            key:
              type: String
              content: feature_lizard_spines
            value:
              type: Number
              content: 3.0
        - type: WithKey
          content:
            key:
              type: String
              content: feature_lizard_tail
            value:
              type: Number
              content: 3.0
        - type: WithKey
          content:
            key:
              type: String
              content: feature_moth_antennae
            value:
              type: Number
              content: 3.0
        - type: WithKey
          content:
            key:
              type: String
              content: feature_moth_markings
            value:
              type: Number
              content: 3.0
        - type: WithKey
          content:
            key:
              type: String
              content: feature_moth_wings
            value:
              type: Number
              content: 3.0
        - type: WithKey
          content:
            key:
              type: String
              content: feature_vampire_status
            value:
              type: Number
              content: 3.0
        - type: WithKey
          content:
            key:
              type: String
              content: underwear_color
            value:
              type: Number
              content: 3.0
        - type: WithKey
          content:
            key:
              type: String
              content: facial_hair_color
            value:
              type: Number
              content: 3.0
        - type: WithKey
          content:
            key:
              type: String
              content: facial_hair_gradient_color
            value:
              type: Number
              content: 3.0
        - type: WithKey
          content:
            key:
              type: String
              content: hair_color
            value:
              type: Number
              content: 3.0
        - type: WithKey
          content:
            key:
              type: String
              content: hair_gradient_color
            value:
              type: Number
              content: 3.0
        - type: WithKey
          content:
            key:
              type: String
              content: feature_mcolor
            value:
              type: Number
              content: 3.0
        - type: WithKey
          content:
            key:
              type: String
              content: age
            value:
              type: Number
              content: 3.0
        - type: WithKey
          content:
            key:
              type: String
              content: playtime_reward_cloak
            value:
              type: Number
              content: 3.0
        - type: WithKey
          content:
            key:
              type: String
              content: real_name
            value:
              type: Number
              content: 3.0
        - type: WithKey
          content:
            key:
              type: String
              content: human_name
            value:
              type: Number
              content: 3.0
        - type: WithKey
          content:
            key:
              type: String
              content: clown_name
            value:
              type: Number
              content: 3.0
        - type: WithKey
          content:
            key:
              type: String
              content: mime_name
            value:
              type: Number
              content: 3.0
        - type: WithKey
          content:
            key:
              type: String
              content: ai_name
            value:
              type: Number
              content: 3.0
        - type: WithKey
          content:
            key:
              type: String
              content: religion_name
            value:
              type: Number
              content: 3.0
    real_name:
      type: String
      content: Alice Sloan
    religion_name:
      type: String
      content: Science
    skin_tone:
      type: String
      content: indian
    socks:
      type: String
      content: Stockings (Yellow)
    species:
      type: String
      content: human
    undershirt:
      type: String
      content: Shirt (Alien)
    underwear:
      type: String
      content: "Ladies' Bikini"
    underwear_color:
      type: String
      content: "#c49825"
    uplink_loc:
      type: String
      content: PDA
    version:
      type: Number
      content: 42.0

